// Jest Snapshot v1, https://goo.gl/fbAQLP

exports[`BookingForm renders properly 1`] = `
<div
  className="MuiPaper-root MuiPaper-elevation MuiPaper-rounded MuiPaper-elevation1 wrapper css-1ps6pg7-MuiPaper-root"
>
  <div
    className="infoContent"
  >
    <div
      className="workstationName"
    >
      <div
        className="wrapper large "
      >
        <img
          className="icon "
          src="workstation.svg"
        />
        <div
          className="spacer"
        />
        <div>
          <b />
           
        </div>
      </div>
    </div>
    <div
      className="infoFields"
    >
      <div
        className="wrapper undefined responsiveWrapper"
      >
        <img
          alt="CPU"
          className="icon responsiveIcon"
          src="cpu.svg"
        />
        <div
          className="spacer"
        />
        <div>
          <b>
            CPU
          </b>
           
        </div>
      </div>
      <div
        className="wrapper undefined responsiveWrapper"
      >
        <img
          alt="RAM"
          className="icon responsiveIcon"
          src="ram.svg"
        />
        <div
          className="spacer"
        />
        <div>
          <b>
            RAM
          </b>
           
        </div>
      </div>
      <div
        className="wrapper undefined responsiveWrapper"
      >
        <img
          alt="GPU"
          className="icon responsiveIcon"
          src="gpu.svg"
        />
        <div
          className="spacer"
        />
        <div>
          <b>
            GPU
          </b>
           
          : undefinedx undefined 
        </div>
      </div>
    </div>
    <div
      className="adminButtonWrapper"
    >
      <button
        className="MuiButton-root MuiButton-text MuiButton-textPrimary MuiButton-sizeMedium MuiButton-textSizeMedium MuiButtonBase-root menuButton css-1e6y48t-MuiButtonBase-root-MuiButton-root"
        disabled={false}
        onBlur={[Function]}
        onClick={[Function]}
        onContextMenu={[Function]}
        onDragLeave={[Function]}
        onFocus={[Function]}
        onKeyDown={[Function]}
        onKeyUp={[Function]}
        onMouseDown={[Function]}
        onMouseLeave={[Function]}
        onMouseUp={[Function]}
        onTouchEnd={[Function]}
        onTouchMove={[Function]}
        onTouchStart={[Function]}
        tabIndex={0}
        type="button"
      >
        <span
          aria-hidden={true}
          className="material-icons notranslate MuiIcon-root MuiIcon-fontSizeMedium css-kp9ftd-MuiIcon-root"
        >
          more_horiz
        </span>
      </button>
      <div
        className="MuiPaper-root MuiPaper-elevation MuiPaper-rounded MuiPaper-elevation1 css-1ps6pg7-MuiPaper-root"
      />
    </div>
  </div>
  <div
    className="ganttLoadingWrapper"
  >
    <div
      className="ganttWrapper"
    >
      <div
        className="container"
      >
        <div
          className="chase"
        >
          <div
            className="chaseDot"
          />
          <div
            className="chaseDot"
          />
          <div
            className="chaseDot"
          />
          <div
            className="chaseDot"
          />
          <div
            className="chaseDot"
          />
          <div
            className="chaseDot"
          />
        </div>
      </div>
    </div>
  </div>
</div>
`;
