// Jest Snapshot v1, https://goo.gl/fbAQLP

exports[`App renders properly 1`] = `
<div
  className="fullPage"
>
  <div
    className="heroPattern"
  >
    <div
      className="container"
    >
      <div
        className="content"
      >
        <h1
          className="header"
        >
          HASEL Lab
        </h1>
        <div
          className="QnA"
        >
          <h2
            className="subheader"
          >
            What is HASEL?
          </h2>
          <p
            className="text"
          >
            The Human Aspects in Software Engineering Lab (HASEL) researches projects related to improving software practices and processes, with a focus on the human aspects of software engineering. We have several high performance machine learning computers available for use in the lab. They can be accessed remotely through SSH as well.
          </p>
          <h2
            className="subheader"
          >
            How do I gain access?
          </h2>
          <p
            className="text"
          >
            Login with your university connected Google account below. Then enter your details and apply for a workstation. After access is granted you will receive an email with your workstation details. You can then use this site to book the lab computers.
          </p>
        </div>
      </div>
      <div
        className="expandingSpacer"
      />
      <div
        className="loginContainer"
      >
        <button
          className="MuiButton-root MuiButton-contained MuiButton-containedPrimary MuiButton-sizeMedium MuiButton-containedSizeMedium MuiButtonBase-root button undefined   css-sghohy-MuiButtonBase-root-MuiButton-root"
          disabled={false}
          onBlur={[Function]}
          onClick={[Function]}
          onContextMenu={[Function]}
          onDragLeave={[Function]}
          onFocus={[Function]}
          onKeyDown={[Function]}
          onKeyUp={[Function]}
          onMouseDown={[Function]}
          onMouseLeave={[Function]}
          onMouseUp={[Function]}
          onTouchEnd={[Function]}
          onTouchMove={[Function]}
          onTouchStart={[Function]}
          tabIndex={0}
          type="button"
        >
          Login
        </button>
      </div>
    </div>
  </div>
  <div
    className="rightSide"
  >
    <div
      className="bgImg"
    />
  </div>
</div>
`;
