// Jest Snapshot v1, https://goo.gl/fbAQLP

exports[`HeroPageTemplate renders properly 1`] = `
<div
  className="fullPage"
>
  <div
    className="heroPattern"
  >
    <div
      className="container"
    />
  </div>
  <div
    className="rightSide"
  >
    <div
      className="bgImg"
    />
  </div>
</div>
`;
