// Jest Snapshot v1, https://goo.gl/fbAQLP

exports[`Edit Workstation page renders properly 1`] = `
Array [
  <div
    className="fillTopbarSpace"
  >
    <div
      className="navbar"
    >
      <div
        className="patternBgLayer"
      >
        <div
          className="bgLayer"
        >
          <a
            href="/"
            onClick={[Function]}
          >
            <img
              alt="University of Auckland"
              className="uoaLogo"
              src="uoaLogo.svg"
            />
            <div
              className="spacer"
            />
            <div
              className="title"
            >
              HASEL Portal
            </div>
          </a>
          <div
            className="pushSpacer"
          />
          <div
            className="horizontalNavLinks"
          >
            <div
              className="linksWrapper"
            >
              <button
                className="MuiButton-root MuiButton-text MuiButton-textPrimary MuiButton-sizeMedium MuiButton-textSizeMedium MuiButtonBase-root wrapper css-1e6y48t-MuiButtonBase-root-MuiButton-root"
                disabled={false}
                onBlur={[Function]}
                onContextMenu={[Function]}
                onDragLeave={[Function]}
                onFocus={[Function]}
                onKeyDown={[Function]}
                onKeyUp={[Function]}
                onMouseDown={[Function]}
                onMouseLeave={[Function]}
                onMouseUp={[Function]}
                onTouchEnd={[Function]}
                onTouchMove={[Function]}
                onTouchStart={[Function]}
                tabIndex={0}
                type="button"
              >
                <a
                  href="/user"
                  onClick={[Function]}
                >
                  <img
                    alt="My Account"
                    className="navIcon"
                    src="id.svg"
                  />
                  <div
                    className="spacer"
                  />
                  <div
                    className="title"
                  >
                    My Account
                  </div>
                </a>
              </button>
            </div>
          </div>
          <div
            className="drawerWrapper"
            onClick={[Function]}
            onTouchEnd={[Function]}
          >
            <button
              className="MuiButtonBase-root MuiIconButton-root MuiIconButton-sizeLarge drawerButton css-mf1cb5-MuiButtonBase-root-MuiIconButton-root"
              disabled={false}
              onBlur={[Function]}
              onClick={[Function]}
              onContextMenu={[Function]}
              onDragLeave={[Function]}
              onFocus={[Function]}
              onKeyDown={[Function]}
              onKeyUp={[Function]}
              onMouseDown={[Function]}
              onMouseLeave={[Function]}
              onMouseUp={[Function]}
              onTouchEnd={[Function]}
              onTouchMove={[Function]}
              onTouchStart={[Function]}
              tabIndex={0}
              type="button"
            >
              <svg
                aria-hidden={true}
                className="MuiSvgIcon-root MuiSvgIcon-fontSizeMedium css-i4bv87-MuiSvgIcon-root"
                data-testid="DehazeIcon"
                focusable="false"
                viewBox="0 0 24 24"
              >
                <path
                  d="M2 15.5v2h20v-2H2zm0-5v2h20v-2H2zm0-5v2h20v-2H2z"
                />
              </svg>
            </button>
            <div
              className="MuiDrawer-root MuiDrawer-docked drawer css-7ik032-MuiDrawer-docked"
            >
              <div
                className="MuiPaper-root MuiPaper-elevation MuiPaper-elevation0 MuiDrawer-paper MuiDrawer-paperAnchorRight MuiDrawer-paperAnchorDockedRight css-18sg6k4-MuiPaper-root-MuiDrawer-paper"
                style={
                  Object {
                    "visibility": "hidden",
                  }
                }
              >
                <div
                  className="drawerPatternBg"
                >
                  <div
                    className="drawer"
                  >
                    <div>
                      <button
                        className="MuiButtonBase-root MuiIconButton-root MuiIconButton-sizeLarge drawerButton css-mf1cb5-MuiButtonBase-root-MuiIconButton-root"
                        disabled={false}
                        onBlur={[Function]}
                        onClick={[Function]}
                        onContextMenu={[Function]}
                        onDragLeave={[Function]}
                        onFocus={[Function]}
                        onKeyDown={[Function]}
                        onKeyUp={[Function]}
                        onMouseDown={[Function]}
                        onMouseLeave={[Function]}
                        onMouseUp={[Function]}
                        onTouchEnd={[Function]}
                        onTouchMove={[Function]}
                        onTouchStart={[Function]}
                        tabIndex={0}
                        type="button"
                      >
                        <svg
                          aria-hidden={true}
                          className="MuiSvgIcon-root MuiSvgIcon-fontSizeMedium css-i4bv87-MuiSvgIcon-root"
                          data-testid="CloseIcon"
                          focusable="false"
                          viewBox="0 0 24 24"
                        >
                          <path
                            d="M19 6.41 17.59 5 12 10.59 6.41 5 5 6.41 10.59 12 5 17.59 6.41 19 12 13.41 17.59 19 19 17.59 13.41 12z"
                          />
                        </svg>
                      </button>
                    </div>
                    <div
                      className="linksWrapper"
                    >
                      <button
                        className="MuiButton-root MuiButton-text MuiButton-textPrimary MuiButton-sizeMedium MuiButton-textSizeMedium MuiButtonBase-root wrapper css-1e6y48t-MuiButtonBase-root-MuiButton-root"
                        disabled={false}
                        onBlur={[Function]}
                        onContextMenu={[Function]}
                        onDragLeave={[Function]}
                        onFocus={[Function]}
                        onKeyDown={[Function]}
                        onKeyUp={[Function]}
                        onMouseDown={[Function]}
                        onMouseLeave={[Function]}
                        onMouseUp={[Function]}
                        onTouchEnd={[Function]}
                        onTouchMove={[Function]}
                        onTouchStart={[Function]}
                        tabIndex={0}
                        type="button"
                      >
                        <a
                          href="/user"
                          onClick={[Function]}
                        >
                          <img
                            alt="My Account"
                            className="navIcon"
                            src="id.svg"
                          />
                          <div
                            className="spacer"
                          />
                          <div
                            className="title"
                          >
                            My Account
                          </div>
                        </a>
                      </button>
                    </div>
                  </div>
                </div>
              </div>
            </div>
          </div>
        </div>
      </div>
    </div>
  </div>,
  <div
    className="content"
  >
    <div
      className="container"
    >
      <h2
        className="text alignLeft "
      >
        <span>
          Edit Workstation
        </span>
      </h2>
    </div>
    <form
      className="form"
      id="workstation-form"
      onSubmit={[Function]}
    >
      <div
        className="inputContainer"
      >
        <div
          className="container"
        >
          <h2
            className="text  subHeader"
          >
            <span>
              General
            </span>
          </h2>
        </div>
        <div
          className="container"
        >
          <p
            className="title"
          >
            Workstation Name
            <span
              className="asterisk"
            >
               *
            </span>
          </p>
          <div
            className="MuiFormControl-root MuiFormControl-fullWidth MuiTextField-root css-wb57ya-MuiFormControl-root-MuiTextField-root"
          >
            <div
              className="MuiOutlinedInput-root MuiInputBase-root MuiInputBase-colorPrimary MuiInputBase-fullWidth MuiInputBase-formControl css-md26zr-MuiInputBase-root-MuiOutlinedInput-root"
              onClick={[Function]}
            >
              <input
                aria-invalid={false}
                autoFocus={false}
                className="MuiOutlinedInput-input MuiInputBase-input css-1t8l2tu-MuiInputBase-input-MuiOutlinedInput-input"
                disabled={false}
                onAnimationStart={[Function]}
                onBlur={[Function]}
                onChange={[Function]}
                onFocus={[Function]}
                placeholder="e.g. Zeus"
                required={true}
                type="text"
                value=""
              />
              <fieldset
                aria-hidden={true}
                className="MuiOutlinedInput-notchedOutline css-1d3z3hw-MuiOutlinedInput-notchedOutline"
              >
                <legend
                  className="css-1a1ihhj"
                >
                  <span
                    className="notranslate"
                    dangerouslySetInnerHTML={
                      Object {
                        "__html": "&#8203;",
                      }
                    }
                  />
                </legend>
              </fieldset>
            </div>
          </div>
        </div>
        <div
          className="container"
        >
          <p
            className="title"
          >
            Workstation Location
            <span
              className="asterisk"
            >
               *
            </span>
          </p>
          <div
            className="MuiFormControl-root MuiFormControl-fullWidth MuiTextField-root css-wb57ya-MuiFormControl-root-MuiTextField-root"
          >
            <div
              className="MuiOutlinedInput-root MuiInputBase-root MuiInputBase-colorPrimary MuiInputBase-fullWidth MuiInputBase-formControl css-md26zr-MuiInputBase-root-MuiOutlinedInput-root"
              onClick={[Function]}
            >
              <input
                aria-invalid={false}
                autoFocus={false}
                className="MuiOutlinedInput-input MuiInputBase-input css-1t8l2tu-MuiInputBase-input-MuiOutlinedInput-input"
                disabled={false}
                onAnimationStart={[Function]}
                onBlur={[Function]}
                onChange={[Function]}
                onFocus={[Function]}
                placeholder="e.g. 405.662"
                required={true}
                type="text"
                value=""
              />
              <fieldset
                aria-hidden={true}
                className="MuiOutlinedInput-notchedOutline css-1d3z3hw-MuiOutlinedInput-notchedOutline"
              >
                <legend
                  className="css-1a1ihhj"
                >
                  <span
                    className="notranslate"
                    dangerouslySetInnerHTML={
                      Object {
                        "__html": "&#8203;",
                      }
                    }
                  />
                </legend>
              </fieldset>
            </div>
          </div>
        </div>
        <div
          className="container"
        >
          <p
            className="title"
          >
            Host Address
            <span
              className="asterisk"
            >
               *
            </span>
          </p>
          <div
            className="MuiFormControl-root MuiFormControl-fullWidth MuiTextField-root css-wb57ya-MuiFormControl-root-MuiTextField-root"
          >
            <div
              className="MuiOutlinedInput-root MuiInputBase-root MuiInputBase-colorPrimary MuiInputBase-fullWidth MuiInputBase-formControl css-md26zr-MuiInputBase-root-MuiOutlinedInput-root"
              onClick={[Function]}
            >
              <input
                aria-invalid={false}
                autoFocus={false}
                className="MuiOutlinedInput-input MuiInputBase-input css-1t8l2tu-MuiInputBase-input-MuiOutlinedInput-input"
                disabled={false}
                onAnimationStart={[Function]}
                onBlur={[Function]}
                onChange={[Function]}
                onFocus={[Function]}
                placeholder="e.g. 10.123.101.38"
                required={true}
                type="text"
                value=""
              />
              <fieldset
                aria-hidden={true}
                className="MuiOutlinedInput-notchedOutline css-1d3z3hw-MuiOutlinedInput-notchedOutline"
              >
                <legend
                  className="css-1a1ihhj"
                >
                  <span
                    className="notranslate"
                    dangerouslySetInnerHTML={
                      Object {
                        "__html": "&#8203;",
                      }
                    }
                  />
                </legend>
              </fieldset>
            </div>
          </div>
        </div>
      </div>
      <hr
        className="MuiDivider-root MuiDivider-fullWidth MuiDivider-vertical MuiDivider-flexItem verticalDivider css-1tk1bks-MuiDivider-root"
      />
      <div
        className="inputContainer"
      >
        <div
          className="container"
        >
          <h2
            className="text  subHeader"
          >
            <span>
              Specifications
            </span>
          </h2>
        </div>
        <div
          className="container"
        >
          <p
            className="title"
          >
            CPU Description
            <span
              className="asterisk"
            >
               *
            </span>
          </p>
          <div
            className="MuiFormControl-root MuiFormControl-fullWidth MuiTextField-root css-wb57ya-MuiFormControl-root-MuiTextField-root"
          >
            <div
              className="MuiOutlinedInput-root MuiInputBase-root MuiInputBase-colorPrimary MuiInputBase-fullWidth MuiInputBase-formControl css-md26zr-MuiInputBase-root-MuiOutlinedInput-root"
              onClick={[Function]}
            >
              <input
                aria-invalid={false}
                autoFocus={false}
                className="MuiOutlinedInput-input MuiInputBase-input css-1t8l2tu-MuiInputBase-input-MuiOutlinedInput-input"
                disabled={false}
                onAnimationStart={[Function]}
                onBlur={[Function]}
                onChange={[Function]}
                onFocus={[Function]}
                placeholder="e.g. AMD Threadripper 3990X (64 Cores)"
                required={true}
                type="text"
                value=""
              />
              <fieldset
                aria-hidden={true}
                className="MuiOutlinedInput-notchedOutline css-1d3z3hw-MuiOutlinedInput-notchedOutline"
              >
                <legend
                  className="css-1a1ihhj"
                >
                  <span
                    className="notranslate"
                    dangerouslySetInnerHTML={
                      Object {
                        "__html": "&#8203;",
                      }
                    }
                  />
                </legend>
              </fieldset>
            </div>
          </div>
        </div>
        <div
          className="container"
        >
          <p
            className="title"
          >
            GPU Description
            <span
              className="asterisk"
            >
               *
            </span>
          </p>
          <div
            className="MuiFormControl-root MuiFormControl-fullWidth MuiTextField-root css-wb57ya-MuiFormControl-root-MuiTextField-root"
          >
            <div
              className="MuiOutlinedInput-root MuiInputBase-root MuiInputBase-colorPrimary MuiInputBase-fullWidth MuiInputBase-formControl css-md26zr-MuiInputBase-root-MuiOutlinedInput-root"
              onClick={[Function]}
            >
              <input
                aria-invalid={false}
                autoFocus={false}
                className="MuiOutlinedInput-input MuiInputBase-input css-1t8l2tu-MuiInputBase-input-MuiOutlinedInput-input"
                disabled={false}
                onAnimationStart={[Function]}
                onBlur={[Function]}
                onChange={[Function]}
                onFocus={[Function]}
                placeholder="e.g. RTX 3090"
                required={true}
                type="text"
                value=""
              />
              <fieldset
                aria-hidden={true}
                className="MuiOutlinedInput-notchedOutline css-1d3z3hw-MuiOutlinedInput-notchedOutline"
              >
                <legend
                  className="css-1a1ihhj"
                >
                  <span
                    className="notranslate"
                    dangerouslySetInnerHTML={
                      Object {
                        "__html": "&#8203;",
                      }
                    }
                  />
                </legend>
              </fieldset>
            </div>
          </div>
        </div>
        <div
          className="container"
        >
          <p
            className="title"
          >
            Number of GPUs
            <span
              className="asterisk"
            >
               *
            </span>
          </p>
          <div
            className="MuiFormControl-root MuiFormControl-fullWidth MuiTextField-root css-wb57ya-MuiFormControl-root-MuiTextField-root"
          >
            <div
              className="MuiOutlinedInput-root MuiInputBase-root MuiInputBase-colorPrimary MuiInputBase-fullWidth MuiInputBase-formControl css-md26zr-MuiInputBase-root-MuiOutlinedInput-root"
              onClick={[Function]}
            >
              <input
                aria-invalid={false}
                autoFocus={false}
                className="MuiOutlinedInput-input MuiInputBase-input css-1t8l2tu-MuiInputBase-input-MuiOutlinedInput-input"
                disabled={false}
                onAnimationStart={[Function]}
                onBlur={[Function]}
                onChange={[Function]}
                onFocus={[Function]}
                placeholder="e.g. 4"
                required={true}
                type="text"
                value=""
              />
              <fieldset
                aria-hidden={true}
                className="MuiOutlinedInput-notchedOutline css-1d3z3hw-MuiOutlinedInput-notchedOutline"
              >
                <legend
                  className="css-1a1ihhj"
                >
                  <span
                    className="notranslate"
                    dangerouslySetInnerHTML={
                      Object {
                        "__html": "&#8203;",
                      }
                    }
                  />
                </legend>
              </fieldset>
            </div>
          </div>
        </div>
        <div
          className="container"
        >
          <p
            className="title"
          >
            RAM Description
            <span
              className="asterisk"
            >
               *
            </span>
          </p>
          <div
            className="MuiFormControl-root MuiFormControl-fullWidth MuiTextField-root css-wb57ya-MuiFormControl-root-MuiTextField-root"
          >
            <div
              className="MuiOutlinedInput-root MuiInputBase-root MuiInputBase-colorPrimary MuiInputBase-fullWidth MuiInputBase-formControl css-md26zr-MuiInputBase-root-MuiOutlinedInput-root"
              onClick={[Function]}
            >
              <input
                aria-invalid={false}
                autoFocus={false}
                className="MuiOutlinedInput-input MuiInputBase-input css-1t8l2tu-MuiInputBase-input-MuiOutlinedInput-input"
                disabled={false}
                onAnimationStart={[Function]}
                onBlur={[Function]}
                onChange={[Function]}
                onFocus={[Function]}
                placeholder="e.g. 256GB"
                required={true}
                type="text"
                value=""
              />
              <fieldset
                aria-hidden={true}
                className="MuiOutlinedInput-notchedOutline css-1d3z3hw-MuiOutlinedInput-notchedOutline"
              >
                <legend
                  className="css-1a1ihhj"
                >
                  <span
                    className="notranslate"
                    dangerouslySetInnerHTML={
                      Object {
                        "__html": "&#8203;",
                      }
                    }
                  />
                </legend>
              </fieldset>
            </div>
          </div>
        </div>
      </div>
    </form>
    <div
      className="buttonContainer"
    >
      <div>
        <button
          className="MuiButton-root MuiButton-contained MuiButton-containedPrimary MuiButton-sizeMedium MuiButton-containedSizeMedium MuiButtonBase-root button red   css-sghohy-MuiButtonBase-root-MuiButton-root"
          disabled={false}
          onBlur={[Function]}
          onClick={[Function]}
          onContextMenu={[Function]}
          onDragLeave={[Function]}
          onFocus={[Function]}
          onKeyDown={[Function]}
          onKeyUp={[Function]}
          onMouseDown={[Function]}
          onMouseLeave={[Function]}
          onMouseUp={[Function]}
          onTouchEnd={[Function]}
          onTouchMove={[Function]}
          onTouchStart={[Function]}
          tabIndex={0}
          type="submit"
        >
          <span
            className="MuiButton-startIcon MuiButton-iconSizeMedium css-1d6wzja-MuiButton-startIcon"
          >
            <span
              aria-hidden={true}
              className="material-icons notranslate MuiIcon-root MuiIcon-fontSizeMedium css-kp9ftd-MuiIcon-root"
            >
              delete
            </span>
          </span>
          Delete
        </button>
      </div>
      <div>
        <button
          className="MuiButton-root MuiButton-contained MuiButton-containedPrimary MuiButton-sizeMedium MuiButton-containedSizeMedium MuiButtonBase-root button lighter outline css-sghohy-MuiButtonBase-root-MuiButton-root"
          disabled={false}
          onBlur={[Function]}
          onClick={[Function]}
          onContextMenu={[Function]}
          onDragLeave={[Function]}
          onFocus={[Function]}
          onKeyDown={[Function]}
          onKeyUp={[Function]}
          onMouseDown={[Function]}
          onMouseLeave={[Function]}
          onMouseUp={[Function]}
          onTouchEnd={[Function]}
          onTouchMove={[Function]}
          onTouchStart={[Function]}
          tabIndex={0}
          type="submit"
        >
          <span
            className="MuiButton-startIcon MuiButton-iconSizeMedium css-1d6wzja-MuiButton-startIcon"
          >
            <span
              aria-hidden={true}
              className="material-icons notranslate MuiIcon-root MuiIcon-fontSizeMedium css-kp9ftd-MuiIcon-root"
            >
              close
            </span>
          </span>
          Cancel
        </button>
        <button
          className="MuiButton-root MuiButton-contained MuiButton-containedPrimary MuiButton-sizeMedium MuiButton-containedSizeMedium MuiButtonBase-root Mui-disabled button undefined   css-sghohy-MuiButtonBase-root-MuiButton-root"
          disabled={true}
          onBlur={[Function]}
          onClick={[Function]}
          onContextMenu={[Function]}
          onDragLeave={[Function]}
          onFocus={[Function]}
          onKeyDown={[Function]}
          onKeyUp={[Function]}
          onMouseDown={[Function]}
          onMouseLeave={[Function]}
          onMouseUp={[Function]}
          onTouchEnd={[Function]}
          onTouchMove={[Function]}
          onTouchStart={[Function]}
          tabIndex={-1}
          type="submit"
        >
          <span
            className="MuiButton-startIcon MuiButton-iconSizeMedium css-1d6wzja-MuiButton-startIcon"
          >
            <span
              aria-hidden={true}
              className="material-icons notranslate MuiIcon-root MuiIcon-fontSizeMedium css-kp9ftd-MuiIcon-root"
            >
              done
            </span>
          </span>
          Confirm Changes
        </button>
      </div>
    </div>
  </div>,
]
`;
