// Jest Snapshot v1, https://goo.gl/fbAQLP

exports[`New Request Page renders properly 1`] = `
Array [
  <div
    className="fillTopbarSpace"
  >
    <div
      className="navbar"
    >
      <div
        className="patternBgLayer"
      >
        <div
          className="bgLayer"
        >
          <a
            href="/"
            onClick={[Function]}
          >
            <img
              alt="University of Auckland"
              className="uoaLogo"
              src="uoaLogo.svg"
            />
            <div
              className="spacer"
            />
            <div
              className="title"
            >
              HASEL Lab
              <div
                className="subTitle"
              >
                SUPERADMIN
              </div>
            </div>
          </a>
          <div
            className="pushSpacer"
          />
          <div
            className="horizontalNavLinks"
          >
            <div
              className="linksWrapper"
            >
              <button
                className="MuiButtonBase-root MuiButton-root MuiButton-text wrapper"
                disabled={false}
                onBlur={[Function]}
                onDragLeave={[Function]}
                onFocus={[Function]}
                onKeyDown={[Function]}
                onKeyUp={[Function]}
                onMouseDown={[Function]}
                onMouseLeave={[Function]}
                onMouseUp={[Function]}
                onTouchEnd={[Function]}
                onTouchMove={[Function]}
                onTouchStart={[Function]}
                tabIndex={0}
                type="button"
              >
                <span
                  className="MuiButton-label"
                >
                  <a
                    href="/approvals"
                    onClick={[Function]}
                  >
                    <img
                      alt="Approvals"
                      className="navIcon"
                      src="approvals.svg"
                    />
                    <div
                      className="spacer"
                    />
                    <div
                      className="title"
                    >
                      Approvals
                    </div>
                    <div
                      className="alertBadge"
                    >
                      73
                    </div>
                  </a>
                </span>
              </button>
              <button
                className="MuiButtonBase-root MuiButton-root MuiButton-text wrapper"
                disabled={false}
                onBlur={[Function]}
                onDragLeave={[Function]}
                onFocus={[Function]}
                onKeyDown={[Function]}
                onKeyUp={[Function]}
                onMouseDown={[Function]}
                onMouseLeave={[Function]}
                onMouseUp={[Function]}
                onTouchEnd={[Function]}
                onTouchMove={[Function]}
                onTouchStart={[Function]}
                tabIndex={0}
                type="button"
              >
                <span
                  className="MuiButton-label"
                >
                  <a
                    href="/resources"
                    onClick={[Function]}
                  >
                    <img
                      alt="Resources"
                      className="navIcon"
                      src="workstation.svg"
                    />
                    <div
                      className="spacer"
                    />
                    <div
                      className="title"
                    >
                      Resources
                    </div>
                  </a>
                </span>
              </button>
              <button
                className="MuiButtonBase-root MuiButton-root MuiButton-text wrapper"
                disabled={false}
                onBlur={[Function]}
                onDragLeave={[Function]}
                onFocus={[Function]}
                onKeyDown={[Function]}
                onKeyUp={[Function]}
                onMouseDown={[Function]}
                onMouseLeave={[Function]}
                onMouseUp={[Function]}
                onTouchEnd={[Function]}
                onTouchMove={[Function]}
                onTouchStart={[Function]}
                tabIndex={0}
                type="button"
              >
                <span
                  className="MuiButton-label"
                >
                  <a
                    href="/users"
                    onClick={[Function]}
                  >
                    <img
                      alt="View Users"
                      className="navIcon"
                      src="viewUsers.svg"
                    />
                    <div
                      className="spacer"
                    />
                    <div
                      className="title"
                    >
                      View Users
                    </div>
                  </a>
                </span>
              </button>
              <button
                className="MuiButtonBase-root MuiButton-root MuiButton-text wrapper"
                disabled={false}
                onBlur={[Function]}
                onDragLeave={[Function]}
                onFocus={[Function]}
                onKeyDown={[Function]}
                onKeyUp={[Function]}
                onMouseDown={[Function]}
                onMouseLeave={[Function]}
                onMouseUp={[Function]}
                onTouchEnd={[Function]}
                onTouchMove={[Function]}
                onTouchStart={[Function]}
                tabIndex={0}
                type="button"
              >
                <span
                  className="MuiButton-label"
                >
                  <a
                    href="/user"
                    onClick={[Function]}
                  >
                    <img
                      alt="My Account"
                      className="navIcon"
                      src="id.svg"
                    />
                    <div
                      className="spacer"
                    />
                    <div
                      className="title"
                    >
                      My Account
                    </div>
                  </a>
                </span>
              </button>
            </div>
          </div>
          <div
            className="drawerWrapper"
            onClick={[Function]}
            onTouchEnd={[Function]}
          >
            <button
              className="MuiButtonBase-root MuiIconButton-root drawerButton"
              disabled={false}
              onBlur={[Function]}
              onClick={[Function]}
              onDragLeave={[Function]}
              onFocus={[Function]}
              onKeyDown={[Function]}
              onKeyUp={[Function]}
              onMouseDown={[Function]}
              onMouseLeave={[Function]}
              onMouseUp={[Function]}
              onTouchEnd={[Function]}
              onTouchMove={[Function]}
              onTouchStart={[Function]}
              tabIndex={0}
              type="button"
            >
              <span
                className="MuiIconButton-label"
              >
                <svg
                  aria-hidden={true}
                  className="MuiSvgIcon-root"
                  focusable="false"
                  viewBox="0 0 24 24"
                >
                  <path
                    d="M2 15.5v2h20v-2H2zm0-5v2h20v-2H2zm0-5v2h20v-2H2z"
                  />
                </svg>
              </span>
            </button>
            <div
              className="MuiDrawer-root MuiDrawer-docked drawer"
            >
              <div
                className="MuiPaper-root MuiDrawer-paper MuiDrawer-paperAnchorRight MuiDrawer-paperAnchorDockedRight MuiPaper-elevation0"
                style={
                  Object {
                    "visibility": "hidden",
                  }
                }
              >
                <div
                  className="drawerPatternBg"
                >
                  <div
                    className="drawer"
                  >
                    <div>
                      <button
                        className="MuiButtonBase-root MuiIconButton-root drawerButton"
                        disabled={false}
                        onBlur={[Function]}
                        onClick={[Function]}
                        onDragLeave={[Function]}
                        onFocus={[Function]}
                        onKeyDown={[Function]}
                        onKeyUp={[Function]}
                        onMouseDown={[Function]}
                        onMouseLeave={[Function]}
                        onMouseUp={[Function]}
                        onTouchEnd={[Function]}
                        onTouchMove={[Function]}
                        onTouchStart={[Function]}
                        tabIndex={0}
                        type="button"
                      >
                        <span
                          className="MuiIconButton-label"
                        >
                          <svg
                            aria-hidden={true}
                            className="MuiSvgIcon-root"
                            focusable="false"
                            viewBox="0 0 24 24"
                          >
                            <path
                              d="M19 6.41L17.59 5 12 10.59 6.41 5 5 6.41 10.59 12 5 17.59 6.41 19 12 13.41 17.59 19 19 17.59 13.41 12z"
                            />
                          </svg>
                        </span>
                      </button>
                    </div>
                    <div
                      className="linksWrapper"
                    >
                      <button
                        className="MuiButtonBase-root MuiButton-root MuiButton-text wrapper"
                        disabled={false}
                        onBlur={[Function]}
                        onDragLeave={[Function]}
                        onFocus={[Function]}
                        onKeyDown={[Function]}
                        onKeyUp={[Function]}
                        onMouseDown={[Function]}
                        onMouseLeave={[Function]}
                        onMouseUp={[Function]}
                        onTouchEnd={[Function]}
                        onTouchMove={[Function]}
                        onTouchStart={[Function]}
                        tabIndex={0}
                        type="button"
                      >
                        <span
                          className="MuiButton-label"
                        >
                          <a
                            href="/approvals"
                            onClick={[Function]}
                          >
                            <img
                              alt="Approvals"
                              className="navIcon"
                              src="approvals.svg"
                            />
                            <div
                              className="spacer"
                            />
                            <div
                              className="title"
                            >
                              Approvals
                            </div>
                            <div
                              className="alertBadge"
                            >
                              73
                            </div>
                          </a>
                        </span>
                      </button>
                      <button
                        className="MuiButtonBase-root MuiButton-root MuiButton-text wrapper"
                        disabled={false}
                        onBlur={[Function]}
                        onDragLeave={[Function]}
                        onFocus={[Function]}
                        onKeyDown={[Function]}
                        onKeyUp={[Function]}
                        onMouseDown={[Function]}
                        onMouseLeave={[Function]}
                        onMouseUp={[Function]}
                        onTouchEnd={[Function]}
                        onTouchMove={[Function]}
                        onTouchStart={[Function]}
                        tabIndex={0}
                        type="button"
                      >
                        <span
                          className="MuiButton-label"
                        >
                          <a
                            href="/resources"
                            onClick={[Function]}
                          >
                            <img
                              alt="Resources"
                              className="navIcon"
                              src="workstation.svg"
                            />
                            <div
                              className="spacer"
                            />
                            <div
                              className="title"
                            >
                              Resources
                            </div>
                          </a>
                        </span>
                      </button>
                      <button
                        className="MuiButtonBase-root MuiButton-root MuiButton-text wrapper"
                        disabled={false}
                        onBlur={[Function]}
                        onDragLeave={[Function]}
                        onFocus={[Function]}
                        onKeyDown={[Function]}
                        onKeyUp={[Function]}
                        onMouseDown={[Function]}
                        onMouseLeave={[Function]}
                        onMouseUp={[Function]}
                        onTouchEnd={[Function]}
                        onTouchMove={[Function]}
                        onTouchStart={[Function]}
                        tabIndex={0}
                        type="button"
                      >
                        <span
                          className="MuiButton-label"
                        >
                          <a
                            href="/users"
                            onClick={[Function]}
                          >
                            <img
                              alt="View Users"
                              className="navIcon"
                              src="viewUsers.svg"
                            />
                            <div
                              className="spacer"
                            />
                            <div
                              className="title"
                            >
                              View Users
                            </div>
                          </a>
                        </span>
                      </button>
                      <button
                        className="MuiButtonBase-root MuiButton-root MuiButton-text wrapper"
                        disabled={false}
                        onBlur={[Function]}
                        onDragLeave={[Function]}
                        onFocus={[Function]}
                        onKeyDown={[Function]}
                        onKeyUp={[Function]}
                        onMouseDown={[Function]}
                        onMouseLeave={[Function]}
                        onMouseUp={[Function]}
                        onTouchEnd={[Function]}
                        onTouchMove={[Function]}
                        onTouchStart={[Function]}
                        tabIndex={0}
                        type="button"
                      >
                        <span
                          className="MuiButton-label"
                        >
                          <a
                            href="/user"
                            onClick={[Function]}
                          >
                            <img
                              alt="My Account"
                              className="navIcon"
                              src="id.svg"
                            />
                            <div
                              className="spacer"
                            />
                            <div
                              className="title"
                            >
                              My Account
                            </div>
                          </a>
                        </span>
                      </button>
                    </div>
                  </div>
                </div>
              </div>
            </div>
          </div>
        </div>
      </div>
    </div>
  </div>,
  <div
    className="content"
  >
    <div
      className="container"
    >
      <h1
        className="header"
      >
        You'll need approval to access a workstation.
      </h1>
      <form
        autoComplete="off"
        className="form"
        onSubmit={[Function]}
      >
        <p
          className="inputTitles"
        >
          Reasoning/Comments (optional)
        </p>
        <div
          className="MuiFormControl-root MuiTextField-root MuiFormControl-fullWidth"
        >
          <div
            className="MuiInputBase-root MuiOutlinedInput-root MuiInputBase-fullWidth MuiInputBase-formControl MuiInputBase-multiline MuiOutlinedInput-multiline"
            onClick={[Function]}
          >
            <textarea
              aria-invalid={false}
              autoFocus={false}
              className="MuiInputBase-input MuiOutlinedInput-input MuiInputBase-inputMultiline MuiOutlinedInput-inputMultiline"
              disabled={false}
              onAnimationStart={[Function]}
              onBlur={[Function]}
              onChange={[Function]}
              onFocus={[Function]}
              required={false}
              rows={4}
            />
            <fieldset
              aria-hidden={true}
              className="PrivateNotchedOutline-root-1 MuiOutlinedInput-notchedOutline"
              style={
                Object {
                  "paddingLeft": 8,
                }
              }
            >
              <legend
                className="PrivateNotchedOutline-legend-2"
                style={
                  Object {
                    "width": 0.01,
                  }
                }
              >
                <span
                  dangerouslySetInnerHTML={
                    Object {
                      "__html": "&#8203;",
                    }
                  }
                />
              </legend>
            </fieldset>
          </div>
        </div>
        <p
          className="inputTitles"
        >
          Workstation (may be overridden)
        </p>
        <div
          className="MuiInputBase-root MuiOutlinedInput-root MuiInputBase-fullWidth"
          onClick={[Function]}
          required={true}
        >
          <div
            aria-haspopup="listbox"
            className="MuiSelect-root MuiSelect-select MuiSelect-selectMenu MuiSelect-outlined MuiInputBase-input MuiOutlinedInput-input"
            onBlur={[Function]}
            onFocus={[Function]}
            onKeyDown={[Function]}
            onMouseDown={[Function]}
            role="button"
            tabIndex={0}
          >
            <span
              dangerouslySetInnerHTML={
                Object {
                  "__html": "&#8203;",
                }
              }
            />
          </div>
          <input
            aria-hidden={true}
            className="MuiSelect-nativeInput"
            onAnimationStart={[Function]}
            onChange={[Function]}
            required={true}
            tabIndex={-1}
            value=""
          />
          <svg
            aria-hidden={true}
            className="MuiSvgIcon-root MuiSelect-icon MuiSelect-iconOutlined"
            focusable="false"
            viewBox="0 0 24 24"
          >
            <path
              d="M7 10l5 5 5-5z"
            />
          </svg>
          <fieldset
            aria-hidden={true}
            className="PrivateNotchedOutline-root-1 MuiOutlinedInput-notchedOutline"
            style={
              Object {
                "paddingLeft": 8,
              }
            }
          >
            <legend
              className="PrivateNotchedOutline-legend-2"
              style={
                Object {
                  "width": 0.01,
                }
              }
            >
              <span
                dangerouslySetInnerHTML={
                  Object {
                    "__html": "&#8203;",
                  }
                }
              />
            </legend>
          </fieldset>
        </div>
        <div
          className="buttonContainer"
        >
          <button
            className="MuiButtonBase-root MuiButton-root MuiButton-contained button undefined"
            disabled={false}
            onBlur={[Function]}
            onDragLeave={[Function]}
            onFocus={[Function]}
            onKeyDown={[Function]}
            onKeyUp={[Function]}
            onMouseDown={[Function]}
            onMouseLeave={[Function]}
            onMouseUp={[Function]}
            onTouchEnd={[Function]}
            onTouchMove={[Function]}
            onTouchStart={[Function]}
            tabIndex={0}
            type="submit"
          >
            <span
              className="MuiButton-label"
            >
              Request Access
            </span>
          </button>
        </div>
      </form>
    </div>
  </div>,
]
`;
