// Jest Snapshot v1, https://goo.gl/fbAQLP

exports[`Pending Approval Page renders properly 1`] = `
<div
  className="container"
>
  <h1
    className="header"
  >
    Sit tight, your account is awaiting approval.
  </h1>
  <div
    className="container"
  >
    <h2
      className="text "
    >
      <span>
        Your Application
      </span>
    </h2>
  </div>
  <h3
    className="value"
  >
    <span
      className="title"
    >
      Supervisor Name: 
    </span>
    Emmanuel Baguia
  </h3>
  <h3
    className="title"
  >
    Reason:
  </h3>
  <div
    className="MuiFormControl-root MuiTextField-root reasonField"
  >
    <div
      className="MuiInputBase-root MuiOutlinedInput-root MuiInputBase-formControl MuiInputBase-multiline MuiOutlinedInput-multiline"
      onClick={[Function]}
      style={
        Object {
          "fontSize": "1.17rem",
          "lineHeight": "1.8rem",
        }
      }
    >
      <textarea
        aria-invalid={false}
        autoFocus={false}
        className="MuiInputBase-input MuiOutlinedInput-input MuiInputBase-inputMultiline MuiOutlinedInput-inputMultiline"
        defaultValue="Lorem ipsum dolor sit amet, consectetur adipiscing elit, sed do eiusmod tempor incididunt ut labore et dolore magna aliqua. Ut enim ad minim veniam, quis nostrud exercitation ullamco laboris nisi ut aliquip ex ea commodo consequat. Duis aute irure dolor in reprehenderit in voluptate velit esse cillum dolore eu fugiat nulla pariatur. Excepteur sint occaecat cupidatat non proident, sunt in culpa qui officia deserunt mollit anim id est laborum."
        disabled={false}
        onAnimationStart={[Function]}
        onBlur={[Function]}
        onChange={[Function]}
        onFocus={[Function]}
        readOnly={true}
        required={false}
        rows={5}
      />
      <fieldset
        aria-hidden={true}
        className="PrivateNotchedOutline-root-1 MuiOutlinedInput-notchedOutline"
        style={
          Object {
            "paddingLeft": 8,
          }
        }
      >
        <legend
          className="PrivateNotchedOutline-legend-2"
          style={
            Object {
              "width": 0.01,
            }
          }
        >
          <span
            dangerouslySetInnerHTML={
              Object {
                "__html": "&#8203;",
              }
            }
          />
        </legend>
      </fieldset>
    </div>
  </div>
  <h3
    className="value"
  >
    <span
      className="title"
    >
      Workstation Requested: 
    </span>
    ZEUS
  </h3>
</div>
`;
