// Jest Snapshot v1, https://goo.gl/fbAQLP

exports[`Signup page renders properly 1`] = `
<div
  className="fullPage"
>
  <div
    className="heroPattern"
  >
    <div
      className="container"
    >
      <div
        className="content"
      >
        <h1
          className="header"
        >
          Finish setting up your HASEL Portal account.
        </h1>
        <div
          className="accountDetailsContainer"
        >
          <div
            className="container "
          >
            <h2
              className="text alignLeft "
            >
              <span>
                Account Details
              </span>
            </h2>
            <button
              className="MuiButton-root MuiButton-contained MuiButton-containedPrimary MuiButton-sizeSmall MuiButton-containedSizeSmall MuiButtonBase-root button undefined   small css-11qr2p8-MuiButtonBase-root-MuiButton-root"
              disabled={false}
              onBlur={[Function]}
              onClick={[Function]}
              onContextMenu={[Function]}
              onDragLeave={[Function]}
              onFocus={[Function]}
              onKeyDown={[Function]}
              onKeyUp={[Function]}
              onMouseDown={[Function]}
              onMouseLeave={[Function]}
              onMouseUp={[Function]}
              onTouchEnd={[Function]}
              onTouchMove={[Function]}
              onTouchStart={[Function]}
              tabIndex={0}
              type="button"
            >
              <span
                className="MuiButton-startIcon MuiButton-iconSizeSmall css-y6rp3m-MuiButton-startIcon"
              >
                <span
                  aria-hidden={true}
                  className="material-icons notranslate MuiIcon-root MuiIcon-fontSizeMedium css-kp9ftd-MuiIcon-root"
                >
                  logout
                </span>
              </span>
              Log Out
            </button>
          </div>
          <p
            className="inputTitle"
          >
            UoA Email
          </p>
          <p
            className="uoaEmail"
          >
            Unknown email, please contact Admin
          </p>
        </div>
        <div>
          <div
            className="container "
          >
            <h2
              className="text alignLeft "
            >
              <span>
                Personal Information
              </span>
            </h2>
          </div>
          <form
            autoComplete="off"
            className="form"
            onSubmit={[Function]}
          >
            <div
              className="nameContainer"
            >
              <div
                className="container"
              >
                <p
                  className="title"
                >
                  First Name
                  <span
                    className="asterisk"
                  >
                     *
                  </span>
                </p>
                <div
                  className="MuiFormControl-root MuiFormControl-fullWidth MuiTextField-root inputField css-wb57ya-MuiFormControl-root-MuiTextField-root"
                >
                  <div
                    className="MuiOutlinedInput-root MuiInputBase-root MuiInputBase-colorPrimary MuiInputBase-fullWidth MuiInputBase-formControl css-md26zr-MuiInputBase-root-MuiOutlinedInput-root"
                    onClick={[Function]}
                  >
                    <input
                      aria-invalid={false}
                      autoFocus={false}
                      className="MuiOutlinedInput-input MuiInputBase-input css-1t8l2tu-MuiInputBase-input-MuiOutlinedInput-input"
                      defaultValue=""
                      disabled={false}
                      onAnimationStart={[Function]}
                      onBlur={[Function]}
                      onChange={[Function]}
                      onFocus={[Function]}
                      placeholder="--"
                      required={true}
                      type="text"
                    />
                    <fieldset
                      aria-hidden={true}
                      className="MuiOutlinedInput-notchedOutline css-1d3z3hw-MuiOutlinedInput-notchedOutline"
                    >
                      <legend
                        className="css-1a1ihhj"
                      >
                        <span
                          className="notranslate"
                          dangerouslySetInnerHTML={
                            Object {
                              "__html": "&#8203;",
                            }
                          }
                        />
                      </legend>
                    </fieldset>
                  </div>
                </div>
              </div>
              <div
                className="container"
              >
                <p
                  className="title"
                >
                  Last Name
                  <span
                    className="asterisk"
                  >
                     *
                  </span>
                </p>
                <div
                  className="MuiFormControl-root MuiFormControl-fullWidth MuiTextField-root inputField css-wb57ya-MuiFormControl-root-MuiTextField-root"
                >
                  <div
                    className="MuiOutlinedInput-root MuiInputBase-root MuiInputBase-colorPrimary MuiInputBase-fullWidth MuiInputBase-formControl css-md26zr-MuiInputBase-root-MuiOutlinedInput-root"
                    onClick={[Function]}
                  >
                    <input
                      aria-invalid={false}
                      autoFocus={false}
                      className="MuiOutlinedInput-input MuiInputBase-input css-1t8l2tu-MuiInputBase-input-MuiOutlinedInput-input"
                      defaultValue=""
                      disabled={false}
                      onAnimationStart={[Function]}
                      onBlur={[Function]}
                      onChange={[Function]}
                      onFocus={[Function]}
                      placeholder="--"
                      required={true}
                      type="text"
                    />
                    <fieldset
                      aria-hidden={true}
                      className="MuiOutlinedInput-notchedOutline css-1d3z3hw-MuiOutlinedInput-notchedOutline"
                    >
                      <legend
                        className="css-1a1ihhj"
                      >
                        <span
                          className="notranslate"
                          dangerouslySetInnerHTML={
                            Object {
                              "__html": "&#8203;",
                            }
                          }
                        />
                      </legend>
                    </fieldset>
                  </div>
                </div>
              </div>
            </div>
            <div
              className="container"
            >
              <p
                className="title"
              >
                UPI
                <span
                  className="asterisk"
                >
                   *
                </span>
              </p>
              <div
                className="MuiFormControl-root MuiFormControl-fullWidth MuiTextField-root inputField css-wb57ya-MuiFormControl-root-MuiTextField-root"
              >
                <div
                  className="MuiOutlinedInput-root MuiInputBase-root MuiInputBase-colorPrimary MuiInputBase-fullWidth MuiInputBase-formControl css-md26zr-MuiInputBase-root-MuiOutlinedInput-root"
                  onClick={[Function]}
                >
                  <input
                    aria-invalid={false}
                    autoFocus={false}
                    className="MuiOutlinedInput-input MuiInputBase-input css-1t8l2tu-MuiInputBase-input-MuiOutlinedInput-input"
                    defaultValue=""
                    disabled={false}
                    onAnimationStart={[Function]}
                    onBlur={[Function]}
                    onChange={[Function]}
                    onFocus={[Function]}
                    placeholder="e.g. abur970"
                    required={true}
                    type="text"
                  />
                  <fieldset
                    aria-hidden={true}
                    className="MuiOutlinedInput-notchedOutline css-1d3z3hw-MuiOutlinedInput-notchedOutline"
                  >
                    <legend
                      className="css-1a1ihhj"
                    >
                      <span
                        className="notranslate"
                        dangerouslySetInnerHTML={
                          Object {
                            "__html": "&#8203;",
                          }
                        }
                      />
                    </legend>
                  </fieldset>
                </div>
              </div>
            </div>
            <div
              className="container"
            >
              <p
                className="title"
              >
                Account Type
                <span
                  className="asterisk"
                >
                   *
                </span>
              </p>
              <div
                className="MuiFormControl-root MuiTextField-root inputField css-1u3bzj6-MuiFormControl-root-MuiTextField-root"
                title="Account Type"
              >
                <div
                  className="MuiOutlinedInput-root MuiInputBase-root MuiInputBase-colorPrimary MuiInputBase-formControl MuiSelect-root css-9ddj71-MuiInputBase-root-MuiOutlinedInput-root"
                  onClick={[Function]}
                >
                  <div
                    aria-expanded="false"
                    aria-haspopup="listbox"
                    className="MuiSelect-select MuiSelect-outlined MuiOutlinedInput-input MuiInputBase-input css-11u53oe-MuiSelect-select-MuiInputBase-input-MuiOutlinedInput-input"
                    onBlur={[Function]}
                    onFocus={[Function]}
                    onKeyDown={[Function]}
                    onMouseDown={[Function]}
                    role="button"
                    tabIndex={0}
                  >
                    <span
                      className="notranslate"
                      dangerouslySetInnerHTML={
                        Object {
                          "__html": "&#8203;",
                        }
                      }
                    />
                  </div>
                  <input
                    aria-hidden={true}
                    autoFocus={false}
                    className="MuiSelect-nativeInput css-yf8vq0-MuiSelect-nativeInput"
                    disabled={false}
                    onAnimationStart={[Function]}
                    onChange={[Function]}
                    required={true}
                    tabIndex={-1}
                    value=""
                  />
                  <svg
                    aria-hidden={true}
                    className="MuiSvgIcon-root MuiSvgIcon-fontSizeMedium MuiSelect-icon MuiSelect-iconOutlined css-hfutr2-MuiSvgIcon-root-MuiSelect-icon"
                    data-testid="ArrowDropDownIcon"
                    focusable="false"
                    viewBox="0 0 24 24"
                  >
                    <path
                      d="M7 10l5 5 5-5z"
                    />
                  </svg>
                  <fieldset
                    aria-hidden={true}
                    className="MuiOutlinedInput-notchedOutline css-1d3z3hw-MuiOutlinedInput-notchedOutline"
                  >
                    <legend
                      className="css-1a1ihhj"
                    >
                      <span
                        className="notranslate"
                        dangerouslySetInnerHTML={
                          Object {
                            "__html": "&#8203;",
                          }
                        }
                      />
                    </legend>
                  </fieldset>
                </div>
              </div>
            </div>
            <div
              className="buttonContainer"
            >
              <button
                className="MuiButton-root MuiButton-contained MuiButton-containedPrimary MuiButton-sizeLarge MuiButton-containedSizeLarge MuiButtonBase-root button undefined     css-jh47zj-MuiButtonBase-root-MuiButton-root"
                disabled={false}
                onBlur={[Function]}
                onContextMenu={[Function]}
                onDragLeave={[Function]}
                onFocus={[Function]}
                onKeyDown={[Function]}
                onKeyUp={[Function]}
                onMouseDown={[Function]}
                onMouseLeave={[Function]}
                onMouseUp={[Function]}
                onTouchEnd={[Function]}
                onTouchMove={[Function]}
                onTouchStart={[Function]}
                tabIndex={0}
                type="submit"
              >
                Submit
              </button>
            </div>
          </form>
        </div>
      </div>
    </div>
  </div>
  <div
    className="rightSide"
  >
    <div
      className="bgImg"
    />
  </div>
</div>
`;
